$ git status
On branch main
Your branch is ahead of 'origin/main' by 2 commits.
  (use "git push" to publish your local commits)

nothing to commit, working tree clean

$ git pull
Already up to date.

$ git push
Enumerating objects: 13, done.
Counting objects: 100% (13/13), done.
Delta compression using up to 8 threads
Compressing objects: 100% (11/11), done.
Writing objects: 100% (11/11), 1.92 KiB | 1.92 MiB/s, done.
Total 11 (delta 1), reused 0 (delta 0), pack-reused 0
remote: Resolving deltas: 100% (1/1), done.
To https://github.com/aciristov/SI_2023_lab1_122093.git
   1b001b9..d1bf610  main -> main
   
$ git pull
From https://github.com/aciristov/SI_2023_lab1_122093
 * [new branch]      bug1       -> origin/bug1
 * [new branch]      bug2       -> origin/bug2
 * [new branch]      bug3       -> origin/bug3
Already up to date.

$ git checkout bug1
Switched to a new branch 'bug1'
branch 'bug1' set up to track 'origin/bug1'.

$ git status
On branch bug1
Your branch is up to date with 'origin/bug1'.

Changes not staged for commit:
  (use "git add <file>..." to update what will be committed)
  (use "git restore <file>..." to discard changes in working directory)
        modified:   SILab1.java

$ git add .

$ git commit -m "Fix wrong loop for reading"
[bug1 47b34a9] Fix wrong loop for reading
 1 file changed, 1 insertion(+), 1 deletion(-)

$ git push
Enumerating objects: 5, done.
Counting objects: 100% (5/5), done.
Delta compression using up to 8 threads
Compressing objects: 100% (3/3), done.
Writing objects: 100% (3/3), 300 bytes | 300.00 KiB/s, done.
Total 3 (delta 2), reused 0 (delta 0), pack-reused 0
remote: Resolving deltas: 100% (2/2), completed with 2 local objects.
To https://github.com/aciristov/SI_2023_lab1_122093.git
   d1bf610..47b34a9  bug1 -> bug1

$ git checkout main
Switched to branch 'main'
Your branch is up to date with 'origin/main'.

$ git pull
remote: Enumerating objects: 1, done.
remote: Counting objects: 100% (1/1), done.
remote: Total 1 (delta 0), reused 0 (delta 0), pack-reused 0
Unpacking objects: 100% (1/1), 636 bytes | 636.00 KiB/s, done.
From https://github.com/aciristov/SI_2023_lab1_122093
   d1bf610..13953f6  main       -> origin/main
Updating d1bf610..13953f6
Fast-forward
 SILab1.java | 2 +-
 1 file changed, 1 insertion(+), 1 deletion(-)

$ git checkout bug2
Switched to branch 'bug2'
Your branch is up to date with 'origin/bug2'.

$ git merge main
Updating d1bf610..13953f6
Fast-forward
 SILab1.java | 2 +-
 1 file changed, 1 insertion(+), 1 deletion(-)

$ git status
On branch bug2
Your branch is ahead of 'origin/bug2' by 2 commits.
  (use "git push" to publish your local commits)

Changes not staged for commit:
  (use "git add <file>..." to update what will be committed)
  (use "git restore <file>..." to discard changes in working directory)
        modified:   SILab1.java

$ git add .

$ git commit -m "Fix wrong condition in filterOddNumbers"
[bug2 38206d4] Fix wrong condition in filterOddNumbers
 1 file changed, 1 insertion(+), 1 deletion(-)

$ git push
Enumerating objects: 5, done.
Counting objects: 100% (5/5), done.
Delta compression using up to 8 threads
Compressing objects: 100% (3/3), done.
Writing objects: 100% (3/3), 321 bytes | 321.00 KiB/s, done.
Total 3 (delta 2), reused 0 (delta 0), pack-reused 0
remote: Resolving deltas: 100% (2/2), completed with 2 local objects.
To https://github.com/aciristov/SI_2023_lab1_122093.git
   d1bf610..38206d4  bug2 -> bug2
   
 $ git status
On branch bug2
Your branch is up to date with 'origin/bug2'.

$ git checkout main
Switched to branch 'main'
Your branch is up to date with 'origin/main'.

$ git pull
remote: Enumerating objects: 1, done.
remote: Counting objects: 100% (1/1), done.
remote: Total 1 (delta 0), reused 0 (delta 0), pack-reused 0
Unpacking objects: 100% (1/1), 649 bytes | 324.00 KiB/s, done.
From https://github.com/aciristov/SI_2023_lab1_122093
   13953f6..0ca97a3  main       -> origin/main
Updating 13953f6..0ca97a3
Fast-forward
 SILab1.java | 2 +-
 1 file changed, 1 insertion(+), 1 deletion(-)
 
$ git checkout bug3
Switched to a new branch 'bug3'
branch 'bug3' set up to track 'origin/bug3'.

$ git merge main
Updating d1bf610..0ca97a3
Fast-forward
 SILab1.java | 4 ++--
 1 file changed, 2 insertions(+), 2 deletions(-)
 
$ git status
On branch bug3
Your branch is ahead of 'origin/bug3' by 4 commits.
  (use "git push" to publish your local commits)

Changes not staged for commit:
  (use "git add <file>..." to update what will be committed)
  (use "git restore <file>..." to discard changes in working directory)
        modified:   SILab1.java

$ git add .

$ git commit -m "Fix method sumEvenNumbers"
[bug3 3e1544b] Fix method sumEvenNumbers
 1 file changed, 1 insertion(+), 1 deletion(-)
 
$ git push
Enumerating objects: 5, done.
Counting objects: 100% (5/5), done.
Delta compression using up to 8 threads
Compressing objects: 100% (3/3), done.
Writing objects: 100% (3/3), 303 bytes | 303.00 KiB/s, done.
Total 3 (delta 2), reused 0 (delta 0), pack-reused 0
remote: Resolving deltas: 100% (2/2), completed with 2 local objects.
To https://github.com/aciristov/SI_2023_lab1_122093.git
   d1bf610..3e1544b  bug3 -> bug3
   
$ git status
On branch bug3
Your branch is up to date with 'origin/bug3'.

$ git checkout main
Switched to branch 'main'
Your branch is up to date with 'origin/main'.

$ git pull
remote: Enumerating objects: 1, done.
remote: Counting objects: 100% (1/1), done.
remote: Total 1 (delta 0), reused 0 (delta 0), pack-reused 0
Unpacking objects: 100% (1/1), 639 bytes | 319.00 KiB/s, done.
From https://github.com/aciristov/SI_2023_lab1_122093
   0ca97a3..b4fe299  main       -> origin/main
Updating 0ca97a3..b4fe299
Fast-forward
 SILab1.java | 2 +-
 1 file changed, 1 insertion(+), 1 deletion(-)